// Jest Snapshot v1, https://goo.gl/fbAQLP

exports[`Indecision Component Debe hacer match con el snapshot 1`] = `
<div><img alt="fondo">
  <div class="indecision-container"><input type="text" placeholder="Hazme una pregunta">
    <p>Recuerda terminar con un signo de interrogacion (?)</p>
    <div>
      <h2> HOLA MUNDO </h2>
      <h1></h1>
    </div>
  </div>
</div>
`;
